
> university-event-planner@0.1.0 build
> next build

  Γû▓ Next.js 14.2.15
  - Environments: .env
  - Experiments (use with caution):
    ┬╖ typedRoutes

   Creating an optimized production build ...
 Γ£ô Compiled successfully
   Linting and checking validity of types ...
node.exe : Failed to compile.
At line:1 char:1
+ & "C:\Program Files\nodejs/node.exe" "C:\Users\ASUS\AppData\Roaming\n ...
+ ~~~~~~~~~~~~~~~~~~~~~~~~~~~~~~~~~~~~~~~~~~~~~~~~~~~~~~~~~~~~~~~~~~~~~
    + CategoryInfo          : NotSpecified: (Failed to compile.:String) [], Re 
   moteException
    + FullyQualifiedErrorId : NativeCommandError
 

./components/approval-filter-section.tsx:145:11
Type error: Type '{ searchTerm: string; onSearchChange: 
Dispatch<SetStateAction<string>>; placeholder: string; }' is not assignable to 
type 'IntrinsicAttributes & SearchFilterProps'.
  Property 'placeholder' does not exist on type 'IntrinsicAttributes & 
SearchFilterProps'.

[0m [90m 143 |[39m           searchTerm[33m=[39m{searchTerm}[0m
[0m [90m 144 |[39m           onSearchChange[33m=[39m{setSearchTerm}[0m
[0m[31m[1m>[22m[39m[90m 145 |[39m           placeholder[33m=[39m{[0m
[0m [90m     |[39m           [31m[1m^[22m[39m[0m
[0m [90m 146 |[39m             approvalType [33m===[39m 
[32m"events"[39m[0m
[0m [90m 147 |[39m               [33m?[39m [32m"Search events by name, 
organizer, or location..."[39m[0m
[0m [90m 148 |[39m               [33m:[39m approvalType [33m===[39m 
[32m"tickets"[39m[0m
